// Vitest Snapshot v1, https://vitest.dev/guide/snapshot.html

exports[`BarChart > binds to a Query from Provider context 1`] = `"<svg data-chart="bar"><g data-row-id="r2" data-x-value="2" data-y-value="5"></g><g data-row-id="r1" data-x-value="1" data-y-value="3"></g></svg>"`;

exports[`BarChart > binds to a Query from Provider context by Queries Id 1`] = `"<svg data-chart="bar"><g data-row-id="r1" data-x-value="1" data-y-value="3"></g><g data-row-id="r2" data-x-value="2" data-y-value="5"></g></svg>"`;

exports[`BarChart > binds to a Table from Provider context 1`] = `"<svg data-chart="bar"><g data-row-id="r1" data-x-value="1" data-y-value="3"></g></svg>"`;

exports[`BarChart > binds to a Table from Provider context by Store Id 1`] = `"<svg data-chart="bar"><g data-row-id="r1" data-x-value="1" data-y-value="3"></g><g data-row-id="r2" data-x-value="2" data-y-value="5"></g></svg>"`;

exports[`BarChart > binds to a Table from a Store 1`] = `"<svg data-chart="bar"><g data-row-id="r1" data-x-value="1" data-y-value="3"></g><g data-row-id="r2" data-x-value="2" data-y-value="5"></g></svg>"`;

exports[`BarChart > renders an empty chart without a matching Queries object 1`] = `"<svg data-chart="bar"></svg>"`;

exports[`BarChart > renders an empty chart without a matching Store 1`] = `"<svg data-chart="bar"></svg>"`;

exports[`BarChart > renders an empty chart without source Id props 1`] = `"<svg data-chart="bar"></svg>"`;

exports[`BarChart > updates when a Query result Cell changes 1`] = `"<svg data-chart="bar"><g data-row-id="r1" data-x-value="1" data-y-value="3"></g></svg>"`;

exports[`BarChart > updates when a Query result Cell changes 2`] = `"<svg data-chart="bar"><g data-row-id="r1" data-x-value="1" data-y-value="4"></g></svg>"`;

exports[`BarChart > updates when a Table Cell changes 1`] = `"<svg data-chart="bar"><g data-row-id="r1" data-x-value="1" data-y-value="3"></g></svg>"`;

exports[`BarChart > updates when a Table Cell changes 2`] = `"<svg data-chart="bar"><g data-row-id="r1" data-x-value="1" data-y-value="4"></g></svg>"`;

exports[`BarChart > uses the Table when both a tableId and queryId are provided 1`] = `"<svg data-chart="bar"><g data-row-id="r1" data-x-value="1" data-y-value="3"></g></svg>"`;

exports[`LineChart > binds to a Query from Provider context 1`] = `"<svg data-chart="line"><g data-row-id="r2" data-x-value="2" data-y-value="5"></g><g data-row-id="r1" data-x-value="1" data-y-value="3"></g></svg>"`;

exports[`LineChart > binds to a Query from Provider context by Queries Id 1`] = `"<svg data-chart="line"><g data-row-id="r1" data-x-value="1" data-y-value="3"></g><g data-row-id="r2" data-x-value="2" data-y-value="5"></g></svg>"`;

exports[`LineChart > binds to a Table from Provider context 1`] = `"<svg data-chart="line"><g data-row-id="r1" data-x-value="1" data-y-value="3"></g></svg>"`;

exports[`LineChart > binds to a Table from Provider context by Store Id 1`] = `"<svg data-chart="line"><g data-row-id="r1" data-x-value="1" data-y-value="3"></g><g data-row-id="r2" data-x-value="2" data-y-value="5"></g></svg>"`;

exports[`LineChart > binds to a Table from a Store 1`] = `"<svg data-chart="line"><g data-row-id="r1" data-x-value="1" data-y-value="3"></g><g data-row-id="r2" data-x-value="2" data-y-value="5"></g></svg>"`;

exports[`LineChart > renders an empty chart without a matching Queries object 1`] = `"<svg data-chart="line"></svg>"`;

exports[`LineChart > renders an empty chart without a matching Store 1`] = `"<svg data-chart="line"></svg>"`;

exports[`LineChart > renders an empty chart without source Id props 1`] = `"<svg data-chart="line"></svg>"`;

exports[`LineChart > updates when a Query result Cell changes 1`] = `"<svg data-chart="line"><g data-row-id="r1" data-x-value="1" data-y-value="3"></g></svg>"`;

exports[`LineChart > updates when a Query result Cell changes 2`] = `"<svg data-chart="line"><g data-row-id="r1" data-x-value="1" data-y-value="4"></g></svg>"`;

exports[`LineChart > updates when a Table Cell changes 1`] = `"<svg data-chart="line"><g data-row-id="r1" data-x-value="1" data-y-value="3"></g></svg>"`;

exports[`LineChart > updates when a Table Cell changes 2`] = `"<svg data-chart="line"><g data-row-id="r1" data-x-value="1" data-y-value="4"></g></svg>"`;

exports[`LineChart > uses the Table when both a tableId and queryId are provided 1`] = `"<svg data-chart="line"><g data-row-id="r1" data-x-value="1" data-y-value="3"></g></svg>"`;
