// Vitest Snapshot v1, https://vitest.dev/guide/snapshot.html

exports[`BarChart > Query > binds to a Query from Provider context 1`] = `"<svg data-chart="bar" viewBox="0 0 1000 1000"><g class="bar" data-x-max="2" data-x-min="1" data-y-max="5" data-y-min="0"><g data-row-id="r2" data-x-value="2" data-y-value="5"><rect class="bar" x="800" y="0" width="400" height="1000"></rect></g><g data-row-id="r1" data-x-value="1" data-y-value="3"><rect class="bar" x="-200" y="400" width="400" height="600"></rect></g></g></svg>"`;

exports[`BarChart > Query > binds to a Query from Provider context by Queries Id 1`] = `"<svg data-chart="bar" viewBox="0 0 1000 1000"><g class="bar" data-x-max="2" data-x-min="1" data-y-max="5" data-y-min="0"><g data-row-id="r1" data-x-value="1" data-y-value="3"><rect class="bar" x="-200" y="400" width="400" height="600"></rect></g><g data-row-id="r2" data-x-value="2" data-y-value="5"><rect class="bar" x="800" y="0" width="400" height="1000"></rect></g></g></svg>"`;

exports[`BarChart > Query > binds to a Query from a Queries object 1`] = `"<svg data-chart="bar" viewBox="0 0 1000 1000"><g class="bar" data-x-max="2" data-x-min="1" data-y-max="5" data-y-min="0"><g data-row-id="r1" data-x-value="1" data-y-value="3"><rect class="bar" x="-200" y="400" width="400" height="600"></rect></g><g data-row-id="r2" data-x-value="2" data-y-value="5"><rect class="bar" x="800" y="0" width="400" height="1000"></rect></g></g></svg>"`;

exports[`BarChart > Query > renders an empty chart without a matching Queries object 1`] = `"<svg data-chart="bar" viewBox="0 0 1000 1000"><g class="bar"></g></svg>"`;

exports[`BarChart > Query > updates when a Query result Cell changes 1`] = `"<svg data-chart="bar" viewBox="0 0 1000 1000"><g class="bar" data-x-max="1" data-x-min="1" data-y-max="3" data-y-min="0"><g data-row-id="r1" data-x-value="1" data-y-value="3"><rect class="bar" x="100" y="0" width="800" height="1000"></rect></g></g></svg>"`;

exports[`BarChart > Query > updates when a Query result Cell changes 2`] = `"<svg data-chart="bar" viewBox="0 0 1000 1000"><g class="bar" data-x-max="1" data-x-min="1" data-y-max="4" data-y-min="0"><g data-row-id="r1" data-x-value="1" data-y-value="4"><rect class="bar" x="100" y="0" width="800" height="1000"></rect></g></g></svg>"`;

exports[`BarChart > Table > binds to a Table from Provider context 1`] = `"<svg data-chart="bar" viewBox="0 0 1000 1000"><g class="bar" data-x-max="1" data-x-min="1" data-y-max="3" data-y-min="0"><g data-row-id="r1" data-x-value="1" data-y-value="3"><rect class="bar" x="100" y="0" width="800" height="1000"></rect></g></g></svg>"`;

exports[`BarChart > Table > binds to a Table from Provider context by Store Id 1`] = `"<svg data-chart="bar" viewBox="0 0 1000 1000"><g class="bar" data-x-max="2" data-x-min="1" data-y-max="5" data-y-min="0"><g data-row-id="r1" data-x-value="1" data-y-value="3"><rect class="bar" x="-200" y="400" width="400" height="600"></rect></g><g data-row-id="r2" data-x-value="2" data-y-value="5"><rect class="bar" x="800" y="0" width="400" height="1000"></rect></g></g></svg>"`;

exports[`BarChart > Table > binds to a Table from a Store 1`] = `"<svg data-chart="bar" viewBox="0 0 1000 1000"><g class="bar" data-x-max="2" data-x-min="1" data-y-max="5" data-y-min="0"><g data-row-id="r1" data-x-value="1" data-y-value="3"><rect class="bar" x="-200" y="400" width="400" height="600"></rect></g><g data-row-id="r2" data-x-value="2" data-y-value="5"><rect class="bar" x="800" y="0" width="400" height="1000"></rect></g></g></svg>"`;

exports[`BarChart > Table > renders an empty chart without a matching Store 1`] = `"<svg data-chart="bar" viewBox="0 0 1000 1000"><g class="bar"></g></svg>"`;

exports[`BarChart > Table > updates when a Table Cell changes 1`] = `"<svg data-chart="bar" viewBox="0 0 1000 1000"><g class="bar" data-x-max="1" data-x-min="1" data-y-max="3" data-y-min="0"><g data-row-id="r1" data-x-value="1" data-y-value="3"><rect class="bar" x="100" y="0" width="800" height="1000"></rect></g></g></svg>"`;

exports[`BarChart > Table > updates when a Table Cell changes 2`] = `"<svg data-chart="bar" viewBox="0 0 1000 1000"><g class="bar" data-x-max="1" data-x-min="1" data-y-max="4" data-y-min="0"><g data-row-id="r1" data-x-value="1" data-y-value="4"><rect class="bar" x="100" y="0" width="800" height="1000"></rect></g></g></svg>"`;

exports[`BarChart > renders an empty chart without source Id props 1`] = `"<svg data-chart="bar" viewBox="0 0 1000 1000"></svg>"`;

exports[`BarChart > uses the Table when both a tableId and queryId are provided 1`] = `"<svg data-chart="bar" viewBox="0 0 1000 1000"><g class="bar" data-x-max="1" data-x-min="1" data-y-max="3" data-y-min="0"><g data-row-id="r1" data-x-value="1" data-y-value="3"><rect class="bar" x="100" y="0" width="800" height="1000"></rect></g></g></svg>"`;

exports[`LineChart > Query > binds to a Query from Provider context 1`] = `"<svg data-chart="line" viewBox="0 0 1000 1000"><g class="line" data-x-max="2" data-x-min="1" data-y-max="5" data-y-min="3"><path class="line" d="M1000,0 L0,1000"></path><g data-row-id="r2" data-x-value="2" data-y-value="5"><circle class="point" cx="1000" cy="0" r="5"></circle></g><g data-row-id="r1" data-x-value="1" data-y-value="3"><circle class="point" cx="0" cy="1000" r="5"></circle></g></g></svg>"`;

exports[`LineChart > Query > binds to a Query from Provider context by Queries Id 1`] = `"<svg data-chart="line" viewBox="0 0 1000 1000"><g class="line" data-x-max="2" data-x-min="1" data-y-max="5" data-y-min="3"><path class="line" d="M0,1000 L1000,0"></path><g data-row-id="r1" data-x-value="1" data-y-value="3"><circle class="point" cx="0" cy="1000" r="5"></circle></g><g data-row-id="r2" data-x-value="2" data-y-value="5"><circle class="point" cx="1000" cy="0" r="5"></circle></g></g></svg>"`;

exports[`LineChart > Query > binds to a Query from a Queries object 1`] = `"<svg data-chart="line" viewBox="0 0 1000 1000"><g class="line" data-x-max="2" data-x-min="1" data-y-max="5" data-y-min="3"><path class="line" d="M0,1000 L1000,0"></path><g data-row-id="r1" data-x-value="1" data-y-value="3"><circle class="point" cx="0" cy="1000" r="5"></circle></g><g data-row-id="r2" data-x-value="2" data-y-value="5"><circle class="point" cx="1000" cy="0" r="5"></circle></g></g></svg>"`;

exports[`LineChart > Query > renders an empty chart without a matching Queries object 1`] = `"<svg data-chart="line" viewBox="0 0 1000 1000"><g class="line"><path class="line" d=""></path></g></svg>"`;

exports[`LineChart > Query > updates when a Query result Cell changes 1`] = `"<svg data-chart="line" viewBox="0 0 1000 1000"><g class="line" data-x-max="1" data-x-min="1" data-y-max="3" data-y-min="3"><path class="line" d="M500,500"></path><g data-row-id="r1" data-x-value="1" data-y-value="3"><circle class="point" cx="500" cy="500" r="5"></circle></g></g></svg>"`;

exports[`LineChart > Query > updates when a Query result Cell changes 2`] = `"<svg data-chart="line" viewBox="0 0 1000 1000"><g class="line" data-x-max="1" data-x-min="1" data-y-max="4" data-y-min="4"><path class="line" d="M500,500"></path><g data-row-id="r1" data-x-value="1" data-y-value="4"><circle class="point" cx="500" cy="500" r="5"></circle></g></g></svg>"`;

exports[`LineChart > Table > binds to a Table from Provider context 1`] = `"<svg data-chart="line" viewBox="0 0 1000 1000"><g class="line" data-x-max="1" data-x-min="1" data-y-max="3" data-y-min="3"><path class="line" d="M500,500"></path><g data-row-id="r1" data-x-value="1" data-y-value="3"><circle class="point" cx="500" cy="500" r="5"></circle></g></g></svg>"`;

exports[`LineChart > Table > binds to a Table from Provider context by Store Id 1`] = `"<svg data-chart="line" viewBox="0 0 1000 1000"><g class="line" data-x-max="2" data-x-min="1" data-y-max="5" data-y-min="3"><path class="line" d="M0,1000 L1000,0"></path><g data-row-id="r1" data-x-value="1" data-y-value="3"><circle class="point" cx="0" cy="1000" r="5"></circle></g><g data-row-id="r2" data-x-value="2" data-y-value="5"><circle class="point" cx="1000" cy="0" r="5"></circle></g></g></svg>"`;

exports[`LineChart > Table > binds to a Table from a Store 1`] = `"<svg data-chart="line" viewBox="0 0 1000 1000"><g class="line" data-x-max="2" data-x-min="1" data-y-max="5" data-y-min="3"><path class="line" d="M0,1000 L1000,0"></path><g data-row-id="r1" data-x-value="1" data-y-value="3"><circle class="point" cx="0" cy="1000" r="5"></circle></g><g data-row-id="r2" data-x-value="2" data-y-value="5"><circle class="point" cx="1000" cy="0" r="5"></circle></g></g></svg>"`;

exports[`LineChart > Table > renders an empty chart without a matching Store 1`] = `"<svg data-chart="line" viewBox="0 0 1000 1000"><g class="line"><path class="line" d=""></path></g></svg>"`;

exports[`LineChart > Table > updates when a Table Cell changes 1`] = `"<svg data-chart="line" viewBox="0 0 1000 1000"><g class="line" data-x-max="1" data-x-min="1" data-y-max="3" data-y-min="3"><path class="line" d="M500,500"></path><g data-row-id="r1" data-x-value="1" data-y-value="3"><circle class="point" cx="500" cy="500" r="5"></circle></g></g></svg>"`;

exports[`LineChart > Table > updates when a Table Cell changes 2`] = `"<svg data-chart="line" viewBox="0 0 1000 1000"><g class="line" data-x-max="1" data-x-min="1" data-y-max="4" data-y-min="4"><path class="line" d="M500,500"></path><g data-row-id="r1" data-x-value="1" data-y-value="4"><circle class="point" cx="500" cy="500" r="5"></circle></g></g></svg>"`;

exports[`LineChart > renders an empty chart without source Id props 1`] = `"<svg data-chart="line" viewBox="0 0 1000 1000"></svg>"`;

exports[`LineChart > uses the Table when both a tableId and queryId are provided 1`] = `"<svg data-chart="line" viewBox="0 0 1000 1000"><g class="line" data-x-max="1" data-x-min="1" data-y-max="3" data-y-min="3"><path class="line" d="M500,500"></path><g data-row-id="r1" data-x-value="1" data-y-value="3"><circle class="point" cx="500" cy="500" r="5"></circle></g></g></svg>"`;
